// Jest Snapshot v1, https://goo.gl/fbAQLP

exports[`HomePage should to match snapshot 1`] = `
<div>
  <h1>
    Hello, World!
  </h1>
</div>
`;
